http://github.com/zcodebase/c.git
http://github.com/zcodebase/cpp.git
http://github.com/zcodebase/freebasic.git
http://github.com/zcodebase/vb6.git
http://github.com/zrepos/babebase.git
http://github.com/zrepos/empty.git
http://github.com/zrepos/gmscripts.git
http://github.com/zrepos/gsbridge.git
http://github.com/zrepos/root.git
http://github.com/zrepos/workspace.git
http://github.com/vcsplace/github-sync.git
http://github.com/eotect/badluck.git
http://github.com/eotect/drawing.git
http://github.com/eotect/ebook.git
http://github.com/eotect/eotect.github.com.git
http://github.com/eotect/ffprofile.git
http://github.com/eotect/gsvn-bundle.git
http://github.com/eotect/losebox.git
http://github.com/eotect/loseplace.git
http://github.com/eotect/nightgun.git
http://github.com/eotect/text.git
http://github.com/eotect/usys.git
http://github.com/eotect/utils.git
http://github.com/eotect/webpages.git
http://github.com/eotect/websaver2.git
http://github.com/eotect/www.git
http://github.com/zscripts/batch.git
http://github.com/zscripts/libmyplace-perl.git
http://github.com/zscripts/perl.git
http://github.com/zscripts/sh.git
